Starting process: 

Configuration data saved


SCUBA, Version Diamond (64-bit) 3.14.0.75.2  Patch Version(s) 132427
Mon Jul 20 17:23:58 2026

Copyright (c) 1991-1994 by NeoCAD Inc. All rights reserved.
Copyright (c) 1995 AT&T Corp.   All rights reserved.
Copyright (c) 1995-2001 Lucent Technologies Inc.  All rights reserved.
Copyright (c) 2001 Agere Systems   All rights reserved.
Copyright (c) 2002-2024 Lattice Semiconductor Corporation,  All rights reserved.

BEGIN SCUBA Module Synthesis

    Issued command   : D:\lscc\diamond\3.14\ispfpga\bin\nt64\scuba.exe -w -n fmac -lang vhdl -synth synplify -bus_exp 7 -bb -arch sa5p00 -type dspmac -widtha 32 -widthb 32 -widthp 82 -area -load -macaddsub -signed -rega -regaclk CLK0 -regace CE0 -regarst RST0 -regb -regbclk CLK0 -regbce CE0 -regbrst RST0 -regp -regas0 -regas1 -asload0 -asload1 -regpclk CLK0 -regprst RST0 -regpce CE0 -regas0clk CLK0 -regas0rst RST0 -regas0ce CE0 -regas1clk CLK0 -regas1rst RST0 -regas1ce CE0 -asload0clk CLK0 -asload0rst RST0 -asload0ce CE0 -asload1clk CLK0 -asload1rst RST0 -asload1ce CE0 -rego -regoclk CLK0 -regorst RST0 -regoce CE0 -clk0 -ce0 -rst0 
    Circuit name     : fmac
    Module type      : dspmac
    Module Version   : 4.2
    Ports            : 
	Inputs       : CLK0, CE0, RST0, ACCUMSLOAD, ADDNSUB, A[31:0], B[31:0], LD[81:0]
	Outputs      : OVERFLOW, ACCUM[81:0]
    I/O buffer       : not inserted
    EDIF output      : fmac.edn
    VHDL output      : fmac.vhd
    VHDL template    : fmac_tmpl.vhd
    VHDL testbench   : tb_fmac_tmpl.vhd
    VHDL purpose     : for synthesis and simulation
    Bus notation     : big endian
    Report output    : fmac.srp
    Estimated Resource Usage:
            LUT : 174
      DSP_SLICE : 2
            Reg : 87

END   SCUBA Module Synthesis

File: fmac.lpc created.


End process: completed successfully.


Total Warnings:  0

Total Errors:  0


