Starting process: 

Configuration data saved


SCUBA, Version Diamond (64-bit) 3.14.0.75.2  Patch Version(s) 132427
Mon Jul 20 17:06:37 2026

Copyright (c) 1991-1994 by NeoCAD Inc. All rights reserved.
Copyright (c) 1995 AT&T Corp.   All rights reserved.
Copyright (c) 1995-2001 Lucent Technologies Inc.  All rights reserved.
Copyright (c) 2001 Agere Systems   All rights reserved.
Copyright (c) 2002-2024 Lattice Semiconductor Corporation,  All rights reserved.

BEGIN SCUBA Module Synthesis

    Issued command   : D:\lscc\diamond\3.14\ispfpga\bin\nt64\scuba.exe -w -n addsub -lang vhdl -synth synplify -bus_exp 7 -bb -arch sa5p00 -type mgaddsub -add_sub -width 64 -signed -output_reg -enable -pipeline 3 
    Circuit name     : addsub
    Module type      : addsub
    Module Version   : 3.5
    Width            : 64
    Ports            : 
	Inputs       : DataA[63:0], DataB[63:0], Add_Sub, Clock, Reset, ClockEn
	Outputs      : Result[63:0]
    I/O buffer       : not inserted
    Representation   : signed number
    EDIF output      : addsub.edn
    VHDL output      : addsub.vhd
    VHDL template    : addsub_tmpl.vhd
    VHDL testbench   : tb_addsub_tmpl.vhd
    VHDL purpose     : for synthesis and simulation
    Bus notation     : big endian
    Report output    : addsub.srp
    Estimated Resource Usage:
            LUT : 83
            Reg : 364

END   SCUBA Module Synthesis

File: addsub.lpc created.


End process: completed successfully.


Total Warnings:  0

Total Errors:  0


