Starting process: 

Configuration data saved


SCUBA, Version Diamond (64-bit) 3.14.0.75.2  Patch Version(s) 132427
Tue Jul 07 20:42:19 2026

Copyright (c) 1991-1994 by NeoCAD Inc. All rights reserved.
Copyright (c) 1995 AT&T Corp.   All rights reserved.
Copyright (c) 1995-2001 Lucent Technologies Inc.  All rights reserved.
Copyright (c) 2001 Agere Systems   All rights reserved.
Copyright (c) 2002-2024 Lattice Semiconductor Corporation,  All rights reserved.

BEGIN SCUBA Module Synthesis

    Issued command   : D:\lscc\diamond\3.14\ispfpga\bin\nt64\scuba.exe -w -n mpy_32x32 -lang vhdl -synth synplify -bus_exp 7 -bb -arch sa5p00 -type dspmult -simple_portname -widtha 32 -widthb 32 -widthp 64 -signed -PL_stages 3 -input_reg -output_reg -clk0 -ce0 -rst0 
    Circuit name     : mpy_32x32
    Module type      : dspmult_a
    Module Version   : 4.9
    Ports            : 
	Inputs       : Clock, ClkEn, Aclr, DataA[31:0], DataB[31:0]
	Outputs      : Result[63:0]
    I/O buffer       : not inserted
    EDIF output      : mpy_32x32.edn
    VHDL output      : mpy_32x32.vhd
    VHDL template    : mpy_32x32_tmpl.vhd
    VHDL testbench   : tb_mpy_32x32_tmpl.vhd
    VHDL purpose     : for synthesis and simulation
    Bus notation     : big endian
    Report output    : mpy_32x32.srp
    Estimated Resource Usage:
      DSP_SLICE : 2
            Reg : 128

END   SCUBA Module Synthesis

File: mpy_32x32.lpc created.


End process: completed successfully.


Total Warnings:  0

Total Errors:  0


